C:\Users\SMOGGY\Documents\QuanLyBanSacDienThoai_jar_1.0-SNAPSHOT\src\main\java\bansacdienthoai\bansacdienthoai.java
C:\Users\SMOGGY\Documents\QuanLyBanSacDienThoai_jar_1.0-SNAPSHOT\src\main\java\bansacdienthoai\dao\BillDAO.java
C:\Users\SMOGGY\Documents\QuanLyBanSacDienThoai_jar_1.0-SNAPSHOT\src\main\java\bansacdienthoai\dao\BillDetailDAO.java
C:\Users\SMOGGY\Documents\QuanLyBanSacDienThoai_jar_1.0-SNAPSHOT\src\main\java\bansacdienthoai\dao\CardDAO.java
C:\Users\SMOGGY\Documents\QuanLyBanSacDienThoai_jar_1.0-SNAPSHOT\src\main\java\bansacdienthoai\dao\CategoryDao.java
C:\Users\SMOGGY\Documents\QuanLyBanSacDienThoai_jar_1.0-SNAPSHOT\src\main\java\bansacdienthoai\dao\CrudDao.java
C:\Users\SMOGGY\Documents\QuanLyBanSacDienThoai_jar_1.0-SNAPSHOT\src\main\java\bansacdienthoai\dao\DrinkDao.java
C:\Users\SMOGGY\Documents\QuanLyBanSacDienThoai_jar_1.0-SNAPSHOT\src\main\java\bansacdienthoai\dao\RevenueDAO.java
C:\Users\SMOGGY\Documents\QuanLyBanSacDienThoai_jar_1.0-SNAPSHOT\src\main\java\bansacdienthoai\dao\UserDAO.java
C:\Users\SMOGGY\Documents\QuanLyBanSacDienThoai_jar_1.0-SNAPSHOT\src\main\java\poly\cafe\entity\Bill.java
C:\Users\SMOGGY\Documents\QuanLyBanSacDienThoai_jar_1.0-SNAPSHOT\src\main\java\poly\cafe\entity\BillDetail.java
C:\Users\SMOGGY\Documents\QuanLyBanSacDienThoai_jar_1.0-SNAPSHOT\src\main\java\poly\cafe\entity\Card.java
C:\Users\SMOGGY\Documents\QuanLyBanSacDienThoai_jar_1.0-SNAPSHOT\src\main\java\poly\cafe\entity\Category.java
C:\Users\SMOGGY\Documents\QuanLyBanSacDienThoai_jar_1.0-SNAPSHOT\src\main\java\poly\cafe\entity\Drink.java
C:\Users\SMOGGY\Documents\QuanLyBanSacDienThoai_jar_1.0-SNAPSHOT\src\main\java\poly\cafe\entity\Revenue.java
C:\Users\SMOGGY\Documents\QuanLyBanSacDienThoai_jar_1.0-SNAPSHOT\src\main\java\poly\cafe\entity\User.java
C:\Users\SMOGGY\Documents\QuanLyBanSacDienThoai_jar_1.0-SNAPSHOT\src\main\java\poly\cafe\impl\BillDAOImpl.java
C:\Users\SMOGGY\Documents\QuanLyBanSacDienThoai_jar_1.0-SNAPSHOT\src\main\java\poly\cafe\impl\BillDetailDAOImpl.java
C:\Users\SMOGGY\Documents\QuanLyBanSacDienThoai_jar_1.0-SNAPSHOT\src\main\java\poly\cafe\impl\CardDAOImpl.java
C:\Users\SMOGGY\Documents\QuanLyBanSacDienThoai_jar_1.0-SNAPSHOT\src\main\java\poly\cafe\impl\CategoryDAOImpl.java
C:\Users\SMOGGY\Documents\QuanLyBanSacDienThoai_jar_1.0-SNAPSHOT\src\main\java\poly\cafe\impl\DrinkDAOImpl.java
C:\Users\SMOGGY\Documents\QuanLyBanSacDienThoai_jar_1.0-SNAPSHOT\src\main\java\poly\cafe\impl\RevenueDAOImpl.java
C:\Users\SMOGGY\Documents\QuanLyBanSacDienThoai_jar_1.0-SNAPSHOT\src\main\java\poly\cafe\impl\UserDAOImpl.java
C:\Users\SMOGGY\Documents\QuanLyBanSacDienThoai_jar_1.0-SNAPSHOT\src\main\java\poly\cafe\ui\BillController.java
C:\Users\SMOGGY\Documents\QuanLyBanSacDienThoai_jar_1.0-SNAPSHOT\src\main\java\poly\cafe\ui\BillDetailController.java
C:\Users\SMOGGY\Documents\QuanLyBanSacDienThoai_jar_1.0-SNAPSHOT\src\main\java\poly\cafe\ui\BillJDialog.java
C:\Users\SMOGGY\Documents\QuanLyBanSacDienThoai_jar_1.0-SNAPSHOT\src\main\java\poly\cafe\ui\CardController.java
C:\Users\SMOGGY\Documents\QuanLyBanSacDienThoai_jar_1.0-SNAPSHOT\src\main\java\poly\cafe\ui\CategoryController.java
C:\Users\SMOGGY\Documents\QuanLyBanSacDienThoai_jar_1.0-SNAPSHOT\src\main\java\poly\cafe\ui\ChangePasswordController.java
C:\Users\SMOGGY\Documents\QuanLyBanSacDienThoai_jar_1.0-SNAPSHOT\src\main\java\poly\cafe\ui\ChangePasswordJDialog.java
C:\Users\SMOGGY\Documents\QuanLyBanSacDienThoai_jar_1.0-SNAPSHOT\src\main\java\poly\cafe\ui\CrudController.java
C:\Users\SMOGGY\Documents\QuanLyBanSacDienThoai_jar_1.0-SNAPSHOT\src\main\java\poly\cafe\ui\DrinkController.java
C:\Users\SMOGGY\Documents\QuanLyBanSacDienThoai_jar_1.0-SNAPSHOT\src\main\java\poly\cafe\ui\DrinkController1.java
C:\Users\SMOGGY\Documents\QuanLyBanSacDienThoai_jar_1.0-SNAPSHOT\src\main\java\poly\cafe\ui\DrinkJDialog.java
C:\Users\SMOGGY\Documents\QuanLyBanSacDienThoai_jar_1.0-SNAPSHOT\src\main\java\poly\cafe\ui\HistoryController.java
C:\Users\SMOGGY\Documents\QuanLyBanSacDienThoai_jar_1.0-SNAPSHOT\src\main\java\poly\cafe\ui\HistoryJDialog.java
C:\Users\SMOGGY\Documents\QuanLyBanSacDienThoai_jar_1.0-SNAPSHOT\src\main\java\poly\cafe\ui\LoginController.java
C:\Users\SMOGGY\Documents\QuanLyBanSacDienThoai_jar_1.0-SNAPSHOT\src\main\java\poly\cafe\ui\LoginJDialog.java
C:\Users\SMOGGY\Documents\QuanLyBanSacDienThoai_jar_1.0-SNAPSHOT\src\main\java\poly\cafe\ui\manager\BillManagerJDialog.java
C:\Users\SMOGGY\Documents\QuanLyBanSacDienThoai_jar_1.0-SNAPSHOT\src\main\java\poly\cafe\ui\manager\CardManagerJDialog.java
C:\Users\SMOGGY\Documents\QuanLyBanSacDienThoai_jar_1.0-SNAPSHOT\src\main\java\poly\cafe\ui\manager\CategoryManagerJDialog.java
C:\Users\SMOGGY\Documents\QuanLyBanSacDienThoai_jar_1.0-SNAPSHOT\src\main\java\poly\cafe\ui\manager\DrinkManagerJDialog.java
C:\Users\SMOGGY\Documents\QuanLyBanSacDienThoai_jar_1.0-SNAPSHOT\src\main\java\poly\cafe\ui\manager\RevenueManagerJDialog.java
C:\Users\SMOGGY\Documents\QuanLyBanSacDienThoai_jar_1.0-SNAPSHOT\src\main\java\poly\cafe\ui\manager\UserManagerJDialog.java
C:\Users\SMOGGY\Documents\QuanLyBanSacDienThoai_jar_1.0-SNAPSHOT\src\main\java\poly\cafe\ui\PolyCafeController.java
C:\Users\SMOGGY\Documents\QuanLyBanSacDienThoai_jar_1.0-SNAPSHOT\src\main\java\poly\cafe\ui\PolyCafeJFrame.java
C:\Users\SMOGGY\Documents\QuanLyBanSacDienThoai_jar_1.0-SNAPSHOT\src\main\java\poly\cafe\ui\RevenueController.java
C:\Users\SMOGGY\Documents\QuanLyBanSacDienThoai_jar_1.0-SNAPSHOT\src\main\java\poly\cafe\ui\SalesController.java
C:\Users\SMOGGY\Documents\QuanLyBanSacDienThoai_jar_1.0-SNAPSHOT\src\main\java\poly\cafe\ui\SalesJDialog.java
C:\Users\SMOGGY\Documents\QuanLyBanSacDienThoai_jar_1.0-SNAPSHOT\src\main\java\poly\cafe\ui\UserController.java
C:\Users\SMOGGY\Documents\QuanLyBanSacDienThoai_jar_1.0-SNAPSHOT\src\main\java\poly\cafe\ui\WelcomeController.java
C:\Users\SMOGGY\Documents\QuanLyBanSacDienThoai_jar_1.0-SNAPSHOT\src\main\java\poly\cafe\ui\WelcomeJDialog.java
C:\Users\SMOGGY\Documents\QuanLyBanSacDienThoai_jar_1.0-SNAPSHOT\src\main\java\poly\cafe\util\Test.java
C:\Users\SMOGGY\Documents\QuanLyBanSacDienThoai_jar_1.0-SNAPSHOT\src\main\java\poly\cafe\util\TimeRange.java
C:\Users\SMOGGY\Documents\QuanLyBanSacDienThoai_jar_1.0-SNAPSHOT\src\main\java\poly\cafe\util\XAuth.java
C:\Users\SMOGGY\Documents\QuanLyBanSacDienThoai_jar_1.0-SNAPSHOT\src\main\java\poly\cafe\util\XDate.java
C:\Users\SMOGGY\Documents\QuanLyBanSacDienThoai_jar_1.0-SNAPSHOT\src\main\java\poly\cafe\util\XDialog.java
C:\Users\SMOGGY\Documents\QuanLyBanSacDienThoai_jar_1.0-SNAPSHOT\src\main\java\poly\cafe\util\XIcon.java
C:\Users\SMOGGY\Documents\QuanLyBanSacDienThoai_jar_1.0-SNAPSHOT\src\main\java\poly\cafe\util\XJdbc.java
C:\Users\SMOGGY\Documents\QuanLyBanSacDienThoai_jar_1.0-SNAPSHOT\src\main\java\poly\cafe\util\XQuery.java
C:\Users\SMOGGY\Documents\QuanLyBanSacDienThoai_jar_1.0-SNAPSHOT\src\main\java\poly\cafe\util\XStr.java
C:\Users\SMOGGY\Documents\QuanLyBanSacDienThoai_jar_1.0-SNAPSHOT\src\main\java\Revenue\ByCategory.java
C:\Users\SMOGGY\Documents\QuanLyBanSacDienThoai_jar_1.0-SNAPSHOT\src\main\java\Revenue\ByUser.java
